// Jest Snapshot v1, https://goo.gl/fbAQLP

exports[`ProductTitle should render with title 1`] = `
<span
  className="productDescription test-class"
>
  Test Title
</span>
`;

exports[`ProductTitle should show name of product 1`] = `
<div
  className="productCard undefined"
>
  <span
    className="productDescription undefined"
  >
    Coffee Mug - Without image
  </span>
</div>
`;
